[debug] [2025-09-30T09:14:06.957Z] ----------------------------------------------------------------------
[debug] [2025-09-30T09:14:06.960Z] Command:       C:\Program Files\nodejs\node.exe C:\Users\VEERA\AppData\Roaming\npm\node_modules\firebase-tools\lib\bin\firebase.js init
[debug] [2025-09-30T09:14:06.961Z] CLI Version:   14.17.0
[debug] [2025-09-30T09:14:06.961Z] Platform:      win32
[debug] [2025-09-30T09:14:06.961Z] Node Version:  v22.14.0
[debug] [2025-09-30T09:14:06.961Z] Time:          Tue Sep 30 2025 14:44:06 GMT+0530 (India Standard Time)
[debug] [2025-09-30T09:14:06.961Z] ----------------------------------------------------------------------
[debug] 
[debug] [2025-09-30T09:14:06.964Z] >>> [apiv2][query] GET https://firebase-public.firebaseio.com/cli.json [none]
[debug] [2025-09-30T09:14:07.016Z] > command requires scopes: ["email","openid","https://www.googleapis.com/auth/cloudplatformprojects.readonly","https://www.googleapis.com/auth/firebase","https://www.googleapis.com/auth/cloud-platform"]
[debug] [2025-09-30T09:14:07.016Z] > authorizing via signed-in user (eveera5603@gmail.com)
[info] 
     ######## #### ########  ######## ########     ###     ######  ########
     ##        ##  ##     ## ##       ##     ##  ##   ##  ##       ##
     ######    ##  ########  ######   ########  #########  ######  ######
     ##        ##  ##    ##  ##       ##     ## ##     ##       ## ##
     ##       #### ##     ## ######## ########  ##     ##  ######  ########

You're about to initialize a Firebase project in this directory:

  D:\Angular Projects\Veera-Portfolio

[debug] [2025-09-30T09:14:07.586Z] <<< [apiv2][status] GET https://firebase-public.firebaseio.com/cli.json 200
[debug] [2025-09-30T09:14:07.586Z] <<< [apiv2][body] GET https://firebase-public.firebaseio.com/cli.json {"cloudBuildErrorAfter":1594252800000,"cloudBuildWarnAfter":1590019200000,"defaultNode10After":1594252800000,"minVersion":"3.0.5","node8DeploysDisabledAfter":1613390400000,"node8RuntimeDisabledAfter":1615809600000,"node8WarnAfter":1600128000000}
[info] 
=== Project Setup
[info] 
[info] First, let's associate this project directory with a Firebase project.
[info] You can create multiple project aliases by running firebase use --add, 
[info] but for now we'll just set up a default project.
[info] 
[info] i  If you want to create a project in a Google Cloud organization or folder, please use "firebase projects:create" instead, and return to this command when you've created the project. 
[debug] [2025-09-30T09:15:08.582Z] Checked if tokens are valid: false, expires at: 1755960196697
[debug] [2025-09-30T09:15:08.583Z] Checked if tokens are valid: false, expires at: 1755960196697
[debug] [2025-09-30T09:15:08.584Z] > refreshing access token with scopes: []
[debug] [2025-09-30T09:15:08.586Z] >>> [apiv2][query] POST https://www.googleapis.com/oauth2/v3/token [none]
[debug] [2025-09-30T09:15:08.586Z] >>> [apiv2][body] POST https://www.googleapis.com/oauth2/v3/token [omitted]
[debug] [2025-09-30T09:15:08.760Z] <<< [apiv2][status] POST https://www.googleapis.com/oauth2/v3/token 200
[debug] [2025-09-30T09:15:08.760Z] <<< [apiv2][body] POST https://www.googleapis.com/oauth2/v3/token [omitted]
[debug] [2025-09-30T09:15:08.813Z] >>> [apiv2][query] POST https://firebase.googleapis.com/v1/projects:checkProjectId [none]
[debug] [2025-09-30T09:15:08.813Z] >>> [apiv2][body] POST https://firebase.googleapis.com/v1/projects:checkProjectId {"proposedId":"Veera-Portfolio"}
[debug] [2025-09-30T09:15:09.619Z] <<< [apiv2][status] POST https://firebase.googleapis.com/v1/projects:checkProjectId 200
[debug] [2025-09-30T09:15:09.620Z] <<< [apiv2][body] POST https://firebase.googleapis.com/v1/projects:checkProjectId {"projectIdStatus":"PROJECT_ID_NOT_VALID","suggestedProjectId":"veera-portfolio-32439"}
[debug] [2025-09-30T09:15:12.686Z] Checked if tokens are valid: true, expires at: 1759227307760
[debug] [2025-09-30T09:15:12.687Z] Checked if tokens are valid: true, expires at: 1759227307760
[debug] [2025-09-30T09:15:12.689Z] >>> [apiv2][query] POST https://firebase.googleapis.com/v1/projects:checkProjectId [none]
[debug] [2025-09-30T09:15:12.689Z] >>> [apiv2][body] POST https://firebase.googleapis.com/v1/projects:checkProjectId {"proposedId":"Veera-Portfolio"}
[debug] [2025-09-30T09:15:13.111Z] <<< [apiv2][status] POST https://firebase.googleapis.com/v1/projects:checkProjectId 200
[debug] [2025-09-30T09:15:13.111Z] <<< [apiv2][body] POST https://firebase.googleapis.com/v1/projects:checkProjectId {"projectIdStatus":"PROJECT_ID_NOT_VALID","suggestedProjectId":"veera-portfolio-1344c"}
[debug] [2025-09-30T09:15:15.356Z] Checked if tokens are valid: true, expires at: 1759227307760
[debug] [2025-09-30T09:15:15.356Z] Checked if tokens are valid: true, expires at: 1759227307760
[debug] [2025-09-30T09:15:15.359Z] >>> [apiv2][query] POST https://firebase.googleapis.com/v1/projects:checkProjectId [none]
[debug] [2025-09-30T09:15:15.359Z] >>> [apiv2][body] POST https://firebase.googleapis.com/v1/projects:checkProjectId {"proposedId":"Veera-Portfolio"}
[debug] [2025-09-30T09:15:16.099Z] <<< [apiv2][status] POST https://firebase.googleapis.com/v1/projects:checkProjectId 200
[debug] [2025-09-30T09:15:16.099Z] <<< [apiv2][body] POST https://firebase.googleapis.com/v1/projects:checkProjectId {"projectIdStatus":"PROJECT_ID_NOT_VALID","suggestedProjectId":"veera-portfolio-efc0f"}
[debug] [2025-09-30T09:15:16.766Z] Checked if tokens are valid: true, expires at: 1759227307760
[debug] [2025-09-30T09:15:16.766Z] Checked if tokens are valid: true, expires at: 1759227307760
[debug] [2025-09-30T09:15:16.768Z] >>> [apiv2][query] POST https://firebase.googleapis.com/v1/projects:checkProjectId [none]
[debug] [2025-09-30T09:15:16.768Z] >>> [apiv2][body] POST https://firebase.googleapis.com/v1/projects:checkProjectId {"proposedId":"Veera-Portfolio"}
[debug] [2025-09-30T09:15:17.253Z] <<< [apiv2][status] POST https://firebase.googleapis.com/v1/projects:checkProjectId 200
[debug] [2025-09-30T09:15:17.253Z] <<< [apiv2][body] POST https://firebase.googleapis.com/v1/projects:checkProjectId {"projectIdStatus":"PROJECT_ID_NOT_VALID","suggestedProjectId":"veera-portfolio-cad6b"}
[debug] [2025-09-30T09:15:24.804Z] Checked if tokens are valid: true, expires at: 1759227307760
[debug] [2025-09-30T09:15:24.805Z] Checked if tokens are valid: true, expires at: 1759227307760
[debug] [2025-09-30T09:15:24.807Z] >>> [apiv2][query] POST https://firebase.googleapis.com/v1/projects:checkProjectId [none]
[debug] [2025-09-30T09:15:24.807Z] >>> [apiv2][body] POST https://firebase.googleapis.com/v1/projects:checkProjectId {"proposedId":"Veera-P"}
[debug] [2025-09-30T09:15:25.237Z] <<< [apiv2][status] POST https://firebase.googleapis.com/v1/projects:checkProjectId 200
[debug] [2025-09-30T09:15:25.237Z] <<< [apiv2][body] POST https://firebase.googleapis.com/v1/projects:checkProjectId {"projectIdStatus":"PROJECT_ID_NOT_VALID","suggestedProjectId":"veera-p"}
[debug] [2025-09-30T09:15:27.528Z] Checked if tokens are valid: true, expires at: 1759227307760
[debug] [2025-09-30T09:15:27.528Z] Checked if tokens are valid: true, expires at: 1759227307760
[debug] [2025-09-30T09:15:27.530Z] >>> [apiv2][query] POST https://firebase.googleapis.com/v1/projects:checkProjectId [none]
[debug] [2025-09-30T09:15:27.530Z] >>> [apiv2][body] POST https://firebase.googleapis.com/v1/projects:checkProjectId {"proposedId":"Veera-P"}
[debug] [2025-09-30T09:15:27.840Z] <<< [apiv2][status] POST https://firebase.googleapis.com/v1/projects:checkProjectId 200
[debug] [2025-09-30T09:15:27.840Z] <<< [apiv2][body] POST https://firebase.googleapis.com/v1/projects:checkProjectId {"projectIdStatus":"PROJECT_ID_NOT_VALID","suggestedProjectId":"veera-p"}
[debug] [2025-09-30T09:15:29.743Z] ExitPromptError: User force closed the prompt with SIGINT
    at Interface.sigint (C:\Users\VEERA\AppData\Roaming\npm\node_modules\firebase-tools\node_modules\@inquirer\core\dist\commonjs\lib\create-prompt.js:101:37)
    at Interface.emit (node:events:518:28)
    at Interface.emit (node:domain:489:12)
    at [_ttyWrite] [as _ttyWrite] (node:internal/readline/interface:1124:18)
    at ReadStream.onkeypress (node:internal/readline/interface:263:20)
    at ReadStream.emit (node:events:530:35)
    at ReadStream.emit (node:domain:489:12)
    at emitKeys (node:internal/readline/utils:370:14)
    at emitKeys.next (<anonymous>)
    at ReadStream.onData (node:internal/readline/emitKeypressEvents:64:36)
[error] 
[error] Error: An unexpected error has occurred.
